-1.27313 -1.27229
-1.27275 -1.27196
-1.27215 -1.27143
-1.27115 -1.27053
-1.26997 -1.26945
-1.2689 -1.26847
-1.26659 -1.26633
-1.26526 -1.26507
-1.26386 -1.26374
-1.26099 -1.26103
-1.25848 -1.2586
-1.25474 -1.25497
-1.2528 -1.25302
-1.24742 -1.24772
-1.24335 -1.24366
-1.24098 -1.2413
-1.24038 -1.24065
-1.23511 -1.23542
-1.23158 -1.23184
-1.22499 -1.22512
-1.21635 -1.21643
-1.21653 -1.21651
-1.20826 -1.20818
-1.19748 -1.19731
-1.19415 -1.1939
-1.19219 -1.19197
-1.18639 -1.18604
-1.17515 -1.17489
-1.16941 -1.1692
-1.15386 -1.15345
-1.15509 -1.15478
-1.15548 -1.15522
-1.1357 -1.13545
-1.13183 -1.13202
-1.11364 -1.11388
-1.10772 -1.10824
-1.09465 -1.09557
-1.07552 -1.07629
-1.06512 -1.06599
-1.06409 -1.06526
