   0.000000e+00   3.088070e+02   3.014417e+02   2.990949e+02   2.973941e+02   2.998649e+02   2.956576e+02   2.959553e+02   2.907430e+02  -3.487098e+01   3.853610e+01
