-1.27275 -1.27229
-1.27239 -1.27196
-1.27185 -1.27143
-1.27092 -1.27053
-1.26981 -1.26945
-1.2688 -1.26847
-1.26662 -1.26633
-1.26533 -1.26507
-1.26397 -1.26374
-1.26119 -1.26103
-1.25873 -1.2586
-1.25503 -1.25497
-1.25308 -1.25302
-1.24773 -1.24772
-1.24364 -1.24366
-1.24127 -1.2413
-1.24064 -1.24065
-1.23538 -1.23542
-1.23181 -1.23184
-1.22515 -1.22512
-1.21647 -1.21643
-1.2166 -1.21651
-1.20829 -1.20818
-1.19744 -1.19731
-1.19408 -1.1939
-1.19213 -1.19197
-1.18626 -1.18604
-1.17502 -1.17489
-1.1693 -1.1692
-1.15361 -1.15345
-1.15489 -1.15478
-1.15529 -1.15522
-1.13546 -1.13545
-1.13172 -1.13202
-1.11353 -1.11388
-1.10766 -1.10824
-1.09466 -1.09557
-1.07545 -1.07629
-1.0651 -1.06599
-1.06414 -1.06526
