       58.032991166522272      -42.459448752477748      266.775496417146712      238.614097433337776        6.244629268994842
